// Jest Snapshot v1, https://goo.gl/fbAQLP

exports[`Testing <SelectComponent /> Testing SelectComponent's props 1`] = `
ShallowWrapper {
  Symbol(enzyme.__root__): [Circular],
  Symbol(enzyme.__unrendered__): <SelectComponent
    IDList={
        Array [
            1,
            2,
            3,
          ]
    }
    data={
        Object {
            "1": Object {
              "id": 1,
              "name": "John Doe",
            },
            "2": Object {
              "id": 2,
              "name": "Alice",
            },
            "3": Object {
              "id": 3,
              "name": "Bob",
            },
          }
    }
    saveSelectData={[Function]}
    setID={1}
    type="user"
/>,
  Symbol(enzyme.__renderer__): Object {
    "batchedUpdates": [Function],
    "getNode": [Function],
    "render": [Function],
    "simulateError": [Function],
    "simulateEvent": [Function],
    "unmount": [Function],
  },
  Symbol(enzyme.__node__): Object {
    "instance": null,
    "key": undefined,
    "nodeType": "class",
    "props": Object {
      "children": Array [
        <styled.div
          onClick={[Function]}
>
          <styled.div>
                    <styled.p
                              show={true}
                    >
                              Select Your Option
                    </styled.p>
          </styled.div>
</styled.div>,
        null,
      ],
    },
    "ref": null,
    "rendered": Array [
      Object {
        "instance": null,
        "key": undefined,
        "nodeType": "class",
        "props": Object {
          "children": <styled.div>
            <styled.p
                        show={true}
            >
                        Select Your Option
            </styled.p>
</styled.div>,
          "onClick": [Function],
        },
        "ref": null,
        "rendered": Object {
          "instance": null,
          "key": undefined,
          "nodeType": "class",
          "props": Object {
            "children": <styled.p
              show={true}
>
              Select Your Option
</styled.p>,
          },
          "ref": null,
          "rendered": Object {
            "instance": null,
            "key": undefined,
            "nodeType": "class",
            "props": Object {
              "children": "Select Your Option",
              "show": true,
            },
            "ref": null,
            "rendered": "Select Your Option",
            "type": [Function],
          },
          "type": [Function],
        },
        "type": [Function],
      },
      null,
    ],
    "type": [Function],
  },
  Symbol(enzyme.__nodes__): Array [
    Object {
      "instance": null,
      "key": undefined,
      "nodeType": "class",
      "props": Object {
        "children": Array [
          <styled.div
            onClick={[Function]}
>
            <styled.div>
                        <styled.p
                                    show={true}
                        >
                                    Select Your Option
                        </styled.p>
            </styled.div>
</styled.div>,
          null,
        ],
      },
      "ref": null,
      "rendered": Array [
        Object {
          "instance": null,
          "key": undefined,
          "nodeType": "class",
          "props": Object {
            "children": <styled.div>
              <styled.p
                            show={true}
              >
                            Select Your Option
              </styled.p>
</styled.div>,
            "onClick": [Function],
          },
          "ref": null,
          "rendered": Object {
            "instance": null,
            "key": undefined,
            "nodeType": "class",
            "props": Object {
              "children": <styled.p
                show={true}
>
                Select Your Option
</styled.p>,
            },
            "ref": null,
            "rendered": Object {
              "instance": null,
              "key": undefined,
              "nodeType": "class",
              "props": Object {
                "children": "Select Your Option",
                "show": true,
              },
              "ref": null,
              "rendered": "Select Your Option",
              "type": [Function],
            },
            "type": [Function],
          },
          "type": [Function],
        },
        null,
      ],
      "type": [Function],
    },
  ],
  Symbol(enzyme.__options__): Object {
    "adapter": ReactSixteenAdapter {
      "options": Object {
        "enableComponentDidUpdateOnSetState": true,
        "lifecycles": Object {
          "componentDidUpdate": Object {
            "onSetState": true,
          },
          "getDerivedStateFromProps": true,
          "getSnapshotBeforeUpdate": true,
          "setState": Object {
            "skipsComponentDidUpdateOnNullish": true,
          },
        },
      },
    },
    "attachTo": undefined,
    "hydrateIn": undefined,
  },
}
`;
